------------------------------------------------------------
TimeQuest Timing Analyzer Summary
------------------------------------------------------------

Type  : Slow Model Setup 'CLOCK_50'
Slack : -3.046
TNS   : -76.904

Type  : Slow Model Setup 'clock_divider:div_1Hz|counter[10]'
Slack : -0.089
TNS   : -0.276

Type  : Slow Model Hold 'CLOCK_50'
Slack : -2.082
TNS   : -12.581

Type  : Slow Model Hold 'clock_divider:div_1Hz|counter[10]'
Slack : 0.391
TNS   : 0.000

Type  : Slow Model Minimum Pulse Width 'CLOCK_50'
Slack : -1.380
TNS   : -29.380

Type  : Slow Model Minimum Pulse Width 'clock_divider:div_1Hz|counter[10]'
Slack : -0.500
TNS   : -4.000

Type  : Fast Model Setup 'CLOCK_50'
Slack : -1.179
TNS   : -25.690

Type  : Fast Model Setup 'clock_divider:div_1Hz|counter[10]'
Slack : 0.490
TNS   : 0.000

Type  : Fast Model Hold 'CLOCK_50'
Slack : -1.417
TNS   : -12.761

Type  : Fast Model Hold 'clock_divider:div_1Hz|counter[10]'
Slack : 0.215
TNS   : 0.000

Type  : Fast Model Minimum Pulse Width 'CLOCK_50'
Slack : -1.380
TNS   : -29.380

Type  : Fast Model Minimum Pulse Width 'clock_divider:div_1Hz|counter[10]'
Slack : -0.500
TNS   : -4.000

------------------------------------------------------------
